bun test v1.3.11 (af24e281)
bun : 
At line:1 char:42
+ ... v:Path += 
";C:\Users\farha\.bun\bin"; bun test > 
test_output.txt 2>&1
+                                         
  ~~~~~~~~~~~~~~~~~~~~~~~~~~~~~~~
    + CategoryInfo          : NotSpecifie 
   d: (:String) [], RemoteException
    + FullyQualifiedErrorId : NativeComma 
   ndError
 
tests\users.test.ts:
≡ƒªè Elysia is running at localhost:3000
(pass) Users API > POST /api/users 
(Registration) > should register a new 
user successfully [93.00ms]
(pass) Users API > POST /api/users 
(Registration) > should fail to register 
with an existing email
68 |             password: 'password123',
69 |           }),
70 |         })
71 |       );
72 | 
73 |       
expect(response.status).toBe(400);
                                   ^
error: expect(received).toBe(expected)

Expected: 400
Received: 422

      at <anonymous> (C:\laragon\www\belaj
ar-vibe-coding\tests\users.test.ts:73:31)
(fail) Users API > POST /api/users 
(Registration) > should fail to register 
with a name longer than 255 characters 
[16.00ms]
(pass) Users API > POST /api/users/login 
> should login successfully with correct 
credentials [63.00ms]
(pass) Users API > POST /api/users/login 
> should fail to login with wrong 
credentials [62.00ms]
(pass) Users API > GET /api/users/current 
> should get current user profile with 
valid token [15.00ms]
(pass) Users API > GET /api/users/current 
> should fail to get profile with invalid 
token
(pass) Users API > GET /api/users/current 
> should fail to get profile without 
Authorization header
(pass) Users API > DELETE 
/api/users/logout > should logout 
successfully with valid token
(pass) Users API > DELETE 
/api/users/logout > should fail to logout 
with invalid token

 9 pass
 1 fail
 22 expect() calls
Ran 10 tests across 1 file. [689.00ms]
